// Jest Snapshot v1, https://goo.gl/fbAQLP

exports[`should import mesures correctly 1`] = `
Object {
  "added": 2,
  "message": "2 Mesures import√©es.",
  "success": true,
}
`;

exports[`should skip existing references 1`] = `
Object {
  "added": 1,
  "message": Any<String>,
  "success": true,
}
`;
