// Jest Snapshot v1, https://goo.gl/fbAQLP

exports[`should GET tis for one mandataire  1`] = `
Object {
  "0": Object {
    "etablissement": "ti arras",
    "id": 1,
    "ti_id": 1,
  },
  "1": Object {
    "etablissement": "ti paris",
    "id": 2,
    "ti_id": 2,
  },
}
`;
