// Jest Snapshot v1, https://goo.gl/fbAQLP

exports[`should return list of tis by region 1`] = `
Array [
  Object {
    "id": 1,
    "nom": "ti arras",
    "region": "Hauts-de-France",
  },
  Object {
    "id": 2,
    "nom": "ti paris",
    "region": "ÃŽle-de-France",
  },
]
`;
