// Jest Snapshot v1, https://goo.gl/fbAQLP

exports[`should add magistrat 2`] = `
Array [
  Object {
    "bcc": undefined,
    "from": "ne-pas-repondre@emjpm.gouv.fr",
    "html": "
Bonjour la super team eMJPM :),<br />
Nous avons reçu une nouvelle inscription pour un utilisateur:<br />
- type: ti <br />
- nom: testPrenom testAd <br />
- email: magistrat@emjpm.fr <br />
- code postal: 75010 <br /><br />

Merci de vérifier cette nouvelle demande et de la valider.
<br /><br />
Bonne journée :)
",
    "subject": "Nouvelle inscription",
    "text": "
Bonjour la super team emjpm :) ,

Nous avons reçu une nouvelle inscription pour un utilisateur:
- type: ti
- nom: testPrenom testAd
- email: magistrat@emjpm.fr
- code postal: 75010

Merci de vérifier cette nouvelle demande et de la valider.

Bonne journée :)
",
    "to": "support.emjpm@fabrique.social.gouv.fr",
  },
]
`;

exports[`should register with good values 2`] = `
Array [
  Object {
    "bcc": undefined,
    "from": "ne-pas-repondre@emjpm.gouv.fr",
    "html": "
Bonjour la super team eMJPM :),<br />
Nous avons reçu une nouvelle inscription pour un utilisateur:<br />
- type: individuel <br />
- nom: testPrenom testAd <br />
- email: toto@toto.com <br />
- code postal: 75010 <br /><br />

Merci de vérifier cette nouvelle demande et de la valider.
<br /><br />
Bonne journée :)
",
    "subject": "Nouvelle inscription",
    "text": "
Bonjour la super team emjpm :) ,

Nous avons reçu une nouvelle inscription pour un utilisateur:
- type: individuel
- nom: testPrenom testAd
- email: toto@toto.com
- code postal: 75010

Merci de vérifier cette nouvelle demande et de la valider.

Bonne journée :)
",
    "to": "support.emjpm@fabrique.social.gouv.fr",
  },
]
`;

exports[`should register with good values 3`] = `
Object {
  "active": false,
  "cabinet": null,
  "created_at": Any<Object>,
  "email": "toto@toto.com",
  "id": 2379,
  "last_login": null,
  "nom": "testAd",
  "password": Any<String>,
  "prenom": "testPrenom",
  "reset_password_expires": null,
  "reset_password_token": null,
  "type": "individuel",
}
`;
