// Jest Snapshot v1, https://goo.gl/fbAQLP

exports[`should get all mesures for a specific Ti 1`] = `
Array [
  Object {
    "code_postal": "62000",
    "date_ouverture": "2010-10-04T22:00:00.000Z",
    "id": 1,
    "latitude": 50.5333,
    "longitude": 2.6333,
    "nom": null,
    "prenom": "Adrien",
    "type": "individuel",
    "ville": "Arras",
  },
  Object {
    "code_postal": "75000",
    "date_ouverture": "2010-10-04T22:00:00.000Z",
    "id": 2,
    "latitude": 0.2,
    "longitude": 0.2,
    "nom": null,
    "prenom": "Julien",
    "type": "prepose",
    "ville": "Paris",
  },
  Object {
    "code_postal": "93000",
    "date_ouverture": "2010-10-04T22:00:00.000Z",
    "id": 4,
    "latitude": 0.3,
    "longitude": 0.3,
    "nom": null,
    "prenom": "Adrien",
    "type": "individuel",
    "ville": "St Denis",
  },
]
`;
