// Jest Snapshot v1, https://goo.gl/fbAQLP

exports[`should return mesures of user type prepose 1`] = `
Array [
  Object {
    "annee": "2010-10-05",
    "antenne_id": null,
    "cabinet": null,
    "civilite": "F",
    "code_postal": "93000",
    "created_at": "2010-10-05T00:00:00.000Z",
    "date_ouverture": "2010-10-04T22:00:00.000Z",
    "department_id": null,
    "etablissement": "UDAHF",
    "etablissement_id": null,
    "extinction": null,
    "id": 3,
    "manda": "UDAHF",
    "mandataire_id": 1,
    "nom": null,
    "numero_dossier": null,
    "numero_rg": null,
    "prenom": "Adrien",
    "reason_extinction": null,
    "residence": null,
    "status": "Mesure en attente",
    "ti_id": null,
    "type": "Tutelle",
    "ville": null,
  },
]
`;
