// Jest Snapshot v1, https://goo.gl/fbAQLP

exports[`should get mesures filtered by localisation 1`] = `
Array [
  Object {
    "adresse": "21 rue de houx",
    "cabinet": null,
    "code_postal": "62000",
    "contact_email": null,
    "contact_nom": null,
    "contact_prenom": null,
    "date_mesure_update": null,
    "dispo_max": 5,
    "email_send": null,
    "etablissement": "UDAHF",
    "genre": null,
    "id": 1,
    "latitude": 0.3,
    "longitude": 0.3,
    "mesures_en_attente": null,
    "mesures_en_cours": 2,
    "nb_secretariat": 2,
    "nom": null,
    "prenom": "Adrien",
    "secretariat": false,
    "service_dispo_max": null,
    "service_email": null,
    "service_etablissement": null,
    "service_id": null,
    "service_nom": null,
    "service_prenom": null,
    "service_telephone": null,
    "telephone": "0237100000",
    "telephone_portable": "0101010101",
    "type": "individuel",
    "user_id": 1,
    "ville": "Arras",
    "zip": null,
  },
  Object {
    "adresse": "21 rue monge",
    "cabinet": null,
    "code_postal": "62000",
    "contact_email": null,
    "contact_nom": null,
    "contact_prenom": null,
    "date_mesure_update": null,
    "dispo_max": 3,
    "email_send": null,
    "etablissement": "test42",
    "genre": null,
    "id": 2,
    "latitude": 0.2,
    "longitude": 0.2,
    "mesures_en_attente": null,
    "mesures_en_cours": 2,
    "nb_secretariat": 2,
    "nom": null,
    "prenom": "Julien",
    "secretariat": true,
    "service_dispo_max": null,
    "service_email": null,
    "service_etablissement": null,
    "service_id": null,
    "service_nom": null,
    "service_prenom": null,
    "service_telephone": null,
    "telephone": "0237100000",
    "telephone_portable": "0101010101",
    "type": "prepose",
    "user_id": 2,
    "ville": "Paris",
    "zip": null,
  },
]
`;
