// Jest Snapshot v1, https://goo.gl/fbAQLP

exports[`renders correctly 1`] = `
<div
  className="css-vurnku"
>
  <a
    className="css-15cod3m"
    onClick={[Function]}
    onMouseEnter={[Function]}
  >
    <div
      className="css-4cffwv"
    >
      <svg
        aria-hidden="true"
        className="sc-bdVaJa iJCmgd"
        fill="currentColor"
        focusable="false"
        height="16"
        viewBox="0 0 24 24"
        width="16"
        xmlns="http://www.w3.org/2000/svg"
      >
        <path
          d="M21 11H6.414l5.293-5.293-1.414-1.414L2.586 12l7.707 7.707 1.414-1.414L6.414 13H21z"
        />
      </svg>
      <div
        className="css-1a8d7sy"
      >
        Retour Ã  la liste
      </div>
    </div>
  </a>
</div>
`;
