// Jest Snapshot v1, https://goo.gl/fbAQLP

exports[`should GET tis 1`] = `
Array [
  Object {
    "active": true,
    "cabinet": "6D",
    "email": "test2@ti.com",
    "id": 5,
    "last_login": null,
    "nom": null,
    "prenom": "Pierre",
    "type": "ti",
  },
  Object {
    "active": false,
    "cabinet": null,
    "email": null,
    "id": 7,
    "last_login": null,
    "nom": null,
    "prenom": "Jack",
    "type": "ti",
  },
  Object {
    "active": false,
    "cabinet": "6D",
    "email": "test@ti.com",
    "id": 32,
    "last_login": null,
    "nom": null,
    "prenom": "Jean",
    "type": "ti",
  },
  Object {
    "active": true,
    "cabinet": "6D",
    "email": "test3@ti.com",
    "id": 33,
    "last_login": null,
    "nom": null,
    "prenom": "Momo",
    "type": "ti",
  },
]
`;
