// Jest Snapshot v1, https://goo.gl/fbAQLP

exports[`should GET mandataires 1`] = `
Array [
  Object {
    "active": true,
    "email": "ud@ud.com",
    "id": 1,
    "nom": null,
    "prenom": "Adrien",
    "type": "individuel",
  },
  Object {
    "active": true,
    "email": "panam@paris.com",
    "id": 2,
    "nom": null,
    "prenom": "Julien",
    "type": "prepose",
  },
  Object {
    "active": true,
    "email": "melanie@paris.com",
    "id": 3,
    "nom": null,
    "prenom": "MÃ©lanie",
    "type": "service",
  },
  Object {
    "active": false,
    "email": null,
    "id": 6,
    "nom": null,
    "prenom": "Paul",
    "type": "prepose",
  },
  Object {
    "active": false,
    "email": "panam2@paris.com",
    "id": 42,
    "nom": null,
    "prenom": "Doug",
    "type": "individuel",
  },
  Object {
    "active": true,
    "email": "marcel@paris.com",
    "id": 52,
    "nom": null,
    "prenom": "Marcel",
    "type": "individuel",
  },
]
`;
