// Jest Snapshot v1, https://goo.gl/fbAQLP

exports[`admin should be able to change jeremy (user 1) profile 1`] = `
Object {
  "active": false,
  "cabinet": null,
  "created_at": Any<String>,
  "email": "ud@ud.com",
  "id": 1,
  "last_login": null,
  "nom": null,
  "password": Any<String>,
  "prenom": "Adrien",
  "reset_password_expires": null,
  "reset_password_token": null,
  "type": "individuel",
  "username": "jeremy",
}
`;

exports[`admin should be able to change jeremy (user 1) profile 2`] = `
Array [
  Object {
    "from": "ne-pas-repondre@emjpm.gouv.fr",
    "html": "
Bonjour,<br>
<br>
eMJPM vient de valider votre compte.
<br>
Vous pouvez l'utiliser.

Veuillez cliquer sur le lien suivant: <a href=https://emjpm.gouv.fr>Se connecter</a>
<br><br><br>
Bien à vous.
<br><br><br>
eMJPM Team
",
    "subject": "Validation du compte",
    "text": "
Bonjour,

eMJPM vient de valider votre compte.

Vous pouvez l'utiliser.

Veuillez cliquer sur le lien suivant: https://emjpm.gouv.fr

Bien à vous.

eMJPM Team
",
    "to": "ud@ud.com",
  },
]
`;
