// Jest Snapshot v1, https://goo.gl/fbAQLP

exports[`cleanInputData normalize input 1`] = `
Array [
  Object {
    "annee": 4150,
    "civilite": "n",
    "code_postal": 57100,
    "date_ouverture": "02/11/2017",
    "numero_dossier": "RG20136Q",
    "residence": "A Domicile",
    "type": "Tutelle",
    "ville": "thionville",
  },
  Object {
    "annee": 4000,
    "civilite": "n",
    "code_postal": 75005,
    "date_ouverture": "03/12/2016",
    "numero_dossier": "1236HPLY",
    "residence": "En Ã©tablissement",
    "type": "Curatelle",
    "ville": "paris",
  },
  Object {
    "annee": 4500,
    "civilite": "n",
    "code_postal": 85000,
    "date_ouverture": "05/08/2010",
    "numero_dossier": "meourg120",
    "residence": "A Domicile",
    "type": "Sauvegarde de justice",
    "ville": "marseille",
  },
]
`;
