// Jest Snapshot v1, https://goo.gl/fbAQLP

exports[`renders correctly 1`] = `
<div
  className="css-vurnku"
>
  <div
    className="css-c0gbp4"
  >
    <div
      className="css-yqshnb"
    >
      Nom non renseigné
       
      Prénom non renseigné
    </div>
    <div
      className="css-3inb56"
    >
      <div
        className="css-wcquo4"
      >
        <div
          className="css-1htq42o"
        >
          Vos informations
        </div>
        <div
          className="css-1i0hao9"
        >
          <svg
            aria-hidden="true"
            className="sc-bwzfXH bqgLxe"
            fill="currentColor"
            focusable="false"
            height="16"
            viewBox="0 0 24 24"
            width="16"
            xmlns="http://www.w3.org/2000/svg"
          >
            <path
              d="M0 0h24v24H0z"
              fill="none"
            />
            <path
              d="M20 4H4c-1.1 0-1.99.9-1.99 2L2 18c0 1.1.9 2 2 2h16c1.1 0 2-.9 2-2V6c0-1.1-.9-2-2-2zm0 14H4V8l8 5 8-5v10zm-8-7L4 6h16l-8 5z"
            />
          </svg>
          <div
            className="css-z0hm0k"
          />
        </div>
        <div
          className="css-fuipfr"
        >
          Nom non renseigné
           
        </div>
        <div
          className="css-fuipfr"
        >
          Prénom non renseigné
        </div>
      </div>
    </div>
    <div
      className="css-c6ndte"
    >
      <div
        className="css-vurnku"
      >
        <a
          className="css-5xn953"
          href="/direction/edit-informations"
          onClick={[Function]}
          onMouseEnter={[Function]}
        >
          Modifier vos informations
        </a>
      </div>
    </div>
    <div
      className="css-arxxmz"
    >
      <a
        className="css-5xn953"
        href="/direction/edit-password"
        onClick={[Function]}
        onMouseEnter={[Function]}
      >
        Modifier votre mot de passe
      </a>
    </div>
  </div>
</div>
`;
