// Jest Snapshot v1, https://goo.gl/fbAQLP

exports[`renders correctly 1`] = `
<div
  className="css-1scvnbg"
>
  <div
    className="css-1on3m70"
  >
    <div
      className="css-vurnku"
    >
      <div
        className="css-4cffwv"
      >
        <div
          className="css-z5wunp"
        >
          AFFINER LES RÃ‰SULTATS
        </div>
        <div
          className="css-19d2gif"
        >
          <div
            className="css-gw0z0n"
          >
            <input
              aria-label="search"
              aria-required={false}
              autoComplete="false"
              className="css-1noia2n"
              name="search"
              onBlur={[Function]}
              onChange={[Function]}
              onFocus={[Function]}
              placeholder="Filtre"
              required={false}
              spellCheck="false"
              value={null}
            />
            <label
              aria-label="search"
              className="css-95ca3t"
              htmlFor="search"
            >
              Filtre
            </label>
          </div>
        </div>
      </div>
    </div>
    <div
      className="css-vurnku"
    >
      <button
        className="css-1k95xnl"
      >
        <div
          className="css-o6z23g"
        >
          Ajouter
        </div>
      </button>
    </div>
  </div>
</div>
`;
