// Jest Snapshot v1, https://goo.gl/fbAQLP

exports[`should get mandataires for postcode 62000 1`] = `
Object {
  "code_postal": "62000",
  "id": 1,
  "latitude": 50.5333,
  "longitude": 2.6333,
}
`;
