// Jest Snapshot v1, https://goo.gl/fbAQLP

exports[`should register with good values 1`] = `
Object {
  "adresse": "",
  "code_postal": "75010",
  "contact_email": "totoManda@toto.com",
  "contact_nom": "testMandaAd",
  "contact_prenom": "testPrenom",
  "date_mesure_update": null,
  "dispo_max": null,
  "email_send": null,
  "etablissement": "",
  "genre": null,
  "id": 6,
  "mesures_en_attente": null,
  "mesures_en_cours": null,
  "nb_secretariat": null,
  "secretariat": null,
  "service_id": null,
  "telephone": "",
  "telephone_portable": null,
  "user_id": 3,
  "ville": "",
  "zip": null,
}
`;
