// Jest Snapshot v1, https://goo.gl/fbAQLP

exports[`mandataire should update his profile 1`] = `
Object {
  "adresse": "21 rue de houx",
  "code_postal": "62000",
  "created_at": Any<String>,
  "date_mesure_update": null,
  "department_id": 6,
  "dispo_max": 5,
  "email": "test@email.com",
  "email_send": null,
  "etablissement": "UDAHF",
  "genre": null,
  "id": 1,
  "latitude": 50.5333,
  "longitude": 2.6333,
  "mesures_en_attente": 0,
  "mesures_en_cours": 1,
  "nb_secretariat": 2,
  "nom": null,
  "prenom": "Adrien",
  "secretariat": false,
  "siret": null,
  "telephone": "phone-test",
  "telephone_portable": "0101010101",
  "type": "individuel",
  "user_id": 1,
  "ville": "Arras",
  "zip": null,
}
`;
