// Jest Snapshot v1, https://goo.gl/fbAQLP

exports[`ti can read own commentaires 1`] = `
Array [
  Object {
    "comment": "Hello, world 2",
    "id": 2,
    "mandataire_id": 1,
    "ti_id": 2,
  },
  Object {
    "comment": "Hello, world 2.1",
    "id": 3,
    "mandataire_id": 1,
    "ti_id": 2,
  },
]
`;
