// Jest Snapshot v1, https://goo.gl/fbAQLP

exports[`should post commentaire for given mandataire and return response 1`] = `
Array [
  Object {
    "antenne_id": null,
    "comment": "Hello, world 2",
    "id": 2,
    "mandataire_id": 1,
    "service_id": null,
    "ti_id": 2,
  },
  Object {
    "antenne_id": null,
    "comment": "Hello, world 2.1",
    "id": 3,
    "mandataire_id": 1,
    "service_id": null,
    "ti_id": 2,
  },
  Object {
    "antenne_id": null,
    "comment": "this is a super comment",
    "id": 7,
    "mandataire_id": 1,
    "service_id": null,
    "ti_id": 2,
  },
]
`;
