// Jest Snapshot v1, https://goo.gl/fbAQLP

exports[`reset a password 1`] = `""`;

exports[`reset a password 2`] = `
Array [
  Object {
    "from": "ne-pas-repondre@emjpm.gouv.fr",
    "html": "
Bonjour,<br>
<br>
Votre nouveau mot de passe a bien été enregistré.
<br><br><br>
Bien à vous.
",
    "subject": "Confirmation du mot de passe",
    "text": "
Bonjour,

Votre nouveau mot de passe a bien été enregistré.

Bien à vous.
",
    "to": "ud@ud.com",
  },
]
`;

exports[`reset a password 3`] = `
Object {
  "active": true,
  "created_at": Any<Object>,
  "id": 52,
  "last_login": Any<Object>,
  "password": Any<String>,
  "reset_password_expires": Any<Object>,
  "reset_password_token": "LpWpzK4Jla9I87Aq",
  "type": "individuel",
  "username": "ad",
}
`;
