// Jest Snapshot v1, https://goo.gl/fbAQLP

exports[`send a forgot password email to ud@ud.com with correct token on request 2`] = `
Array [
  Object {
    "from": "ne-pas-repondre@emjpm.gouv.fr",
    "html": "
Bonjour,<br>
<br>
Vous avez demandé le changement de mot de passe.
<br><br>
Veuillez cliquer sur le lien suivant: <a href=https://emjpm.gouv.fr/reset-password?token=kikoulol>réinitialiser mon mot de passe</a>.
<br><br><br>
Bien à vous.
",
    "subject": "Nouveau mot de passe pour e-MJPM",
    "text": "
Bonjour,

Vous avez demandé le changement de mot de passe.


Veuillez cliquer sur le lien suivant: https://emjpm.gouv.fr/reset-password?token=kikoulol

Bien à vous.
",
    "to": "ud@ud.com",
  },
]
`;
